SQL> --sys 계정은 최상위 권한자 이므로, 중요한 업무
SQL> --를 다룰때 사용하므로, 개발자가 사용할 일이 없음
SQL> --따라서 sys보다 하위의 관리자 계정인
SQL> --system계정을 사용해서 실습하자
SQL> --다른 계정으로 로그인을 전환하는 방법은 connect를 사용
SQL> connect system/1234
Connected.
SQL> --현재 잘 들어온 건지 확인해보자 show user
SQL> show user
USER is "SYSTEM"
SQL> --앞으로 테이블을 저장할 데이터베이스와 파일을 생성해보자
SQL> --데이터베이스 생성 명령어
SQL> CREATE tablespace study
  2  datafile 'C:\oraclexe\app\oracle\oradata\XE\study.dbf'
  3  size 1M;

Tablespace created.

SQL> ed
Wrote file afiedt.buf

  1  CREATE user user0827
  2  identified by user0827
  3  default tablespace study
  4* quota unlimted on study
SQL> /
quota unlimted on study
      *
ERROR at line 4:
ORA-02187: invalid quota specification 


SQL> ed
Wrote file afiedt.buf

  1  CREATE user user0827
  2  identified by user0827
  3* default tablespace study
SQL> 
SQL> /

User created.

SQL> --.유저가 생성되었으면, 이 유저로 로그인해보자
SQL> connect user0827/user0827
ERROR:
ORA-01045: user USER0827 lacks CREATE SESSION privilege; logon denied 


Warning: You are no longer connected to ORACLE.
SQL> --생성된 유저는 아무런 권한이 없으므로 필요한 권한을 부여받아야 한다..
SQL> show user
USER is ""
SQL> conn system/1234
Connected.
SQL> show user
USER is "SYSTEM"
SQL> --사용자에게 권한을 주자
SQL> grant create session to user0827;

Grant succeeded.

SQL> conn user0827/user0827
Connected.
SQL> show user
USER is "USER0827"
SQL> spool off
